
> frontend@0.0.0 build
> vite build

[36mvite v8.0.8 [32mbuilding client environment for production...[36m[39m
[2K
transforming...Γ£ô 16 modules transformed.
node.exe : [31mΓ£ù[39m 
Build failed in 543ms
At line:1 char:1
+ & "C:\Program 
Files\nodejs/node.exe" 
"C:\Program 
Files\nodejs/node_mo ...
+ ~~~~~~~~~~~~~~~~~~~~~~~~
~~~~~~~~~~~~~~~~~~~~~~~~~~
~~~~~~~~~~~~~~~~~~~
    + CategoryInfo        
      : NotSpecified: (  
  [31mΓ£ù[39m Build fa   
 iled in 543ms:String)    
 [], RemoteException
    + FullyQualifiedError 
   Id : NativeCommandErr  
  or
 
[31merror during build:
[31mBuild failed with 1 
error:

[plugin vite:css] 
D:/chandigarh university/S
em2/DAA/project/frontend/s
rc/index.css:undefined:NaN
Error: [postcss] It looks 
like you're trying to use 
`tailwindcss` directly as 
a PostCSS plugin. The 
PostCSS plugin has moved 
to a separate package, so 
to continue using 
Tailwind CSS with PostCSS 
you'll need to install 
`@tailwindcss/postcss` 
and update your PostCSS 
configuration.
    at at (D:\chandigarh u
niversity\Sem2\DAA\project
\frontend\node_modules\tai
lwindcss\dist\lib.js:38:16
43)
    at 
LazyResult.runOnRoot 
(D:\chandigarh university\
Sem2\DAA\project\frontend\
node_modules\postcss\lib\l
azy-result.js:361:16)
    at 
LazyResult.runAsync 
(D:\chandigarh university\
Sem2\DAA\project\frontend\
node_modules\postcss\lib\l
azy-result.js:290:26)
    at LazyResult.async 
(D:\chandigarh university\
Sem2\DAA\project\frontend\
node_modules\postcss\lib\l
azy-result.js:192:30)
    at LazyResult.then 
(D:\chandigarh university\
Sem2\DAA\project\frontend\
node_modules\postcss\lib\l
azy-result.js:436:17)[31m
    at aggregateBindingErr
orsIntoJsError (file:///D:
/chandigarh%20university/S
em2/DAA/project/frontend/n
ode_modules/rolldown/dist/
shared/error-w0u7biK-.mjs:
48:18)
    at 
unwrapBindingResult (file:
///D:/chandigarh%20univers
ity/Sem2/DAA/project/front
end/node_modules/rolldown/
dist/shared/error-w0u7biK-
.mjs:18:128)
    at #build (file:///D:/
chandigarh%20university/Se
m2/DAA/project/frontend/no
de_modules/rolldown/dist/s
hared/rolldown-build-DtGk-
m96.mjs:3313:34)
    at async 
buildEnvironment (file:///
D:/chandigarh%20university
/Sem2/DAA/project/frontend
/node_modules/vite/dist/no
de/chunks/node.js:32954:64
)
    at async Object.build 
(file:///D:/chandigarh%20u
niversity/Sem2/DAA/project
/frontend/node_modules/vit
e/dist/node/chunks/node.js
:33376:19)
    at async 
Object.buildApp (file:///D
:/chandigarh%20university/
Sem2/DAA/project/frontend/
node_modules/vite/dist/nod
e/chunks/node.js:33373:153
)
    at async 
CAC.<anonymous> (file:///D
:/chandigarh%20university/
Sem2/DAA/project/frontend/
node_modules/vite/dist/nod
e/cli.js:778:3) {
  errors: [Getter/Setter]
}[39m
